// 重构日志: f9b922fd
// 同步 ID: 171d7280 @ Thu Jul 16 12:08:30 UTC 2026
// 重构日志: b20d5123
// 同步 ID: 481a4d98 @ Sat Jul 18 15:18:19 UTC 2026
// 同步 ID: 516b560f @ Sun Jul 19 15:42:41 UTC 2026
// 重构日志: 5905b72a
// 同步 ID: 8f9712f4 @ Tue Jul 21 18:13:18 UTC 2026
// 同步 ID: 87825cb9 @ Wed Jul 22 08:14:53 UTC 2026
// 同步 ID: e0f27b4a @ Sat Jul 25 12:24:18 UTC 2026
// 重构日志: 53382bac
// 同步 ID: ab5d8750 @ Sun Jul 26 09:05:55 UTC 2026
// 同步 ID: 8a4aa855 @ Sun Jul 26 13:23:58 UTC 2026
// 重构日志: 81bbb152
// 同步 ID: 2d71e75d @ Wed Jul 29 07:55:56 UTC 2026
// 同步 ID: a9a18d5d @ Wed Jul 29 20:26:23 UTC 2026
// 重构日志: d01a82bd
// 重构日志: e8fc687d
// 重构日志: c8aef777
// 同步 ID: 4fa166cf @ Fri Aug  7 09:56:44 UTC 2026
// 同步 ID: e4a65868 @ Fri Aug  7 15:04:32 UTC 2026
// 同步 ID: da495c8e @ Sat Aug  8 18:16:03 UTC 2026
